QID/EC                  RunID                           Hop Prec   Recall F1    
SF-ALL-Micro            SCORER_TS_MERGE_AND_SPLIT_CMPLX 0   0.6250 1.0000 0.7692
SF-ALL-Micro            SCORER_TS_MERGE_AND_SPLIT_CMPLX 1   1.0000 1.0000 1.0000
SF-ALL-Micro            SCORER_TS_MERGE_AND_SPLIT_CMPLX ALL 0.7857 1.0000 0.8800
SF-ALL-Macro            SCORER_TS_MERGE_AND_SPLIT_CMPLX 0   0.7083 1.0000 0.7917
SF-ALL-Macro            SCORER_TS_MERGE_AND_SPLIT_CMPLX 1   1.0000 1.0000 1.0000
SF-ALL-Macro            SCORER_TS_MERGE_AND_SPLIT_CMPLX ALL 0.8333 1.0000 0.8810
LDC-MAX-ALL-Micro       SCORER_TS_MERGE_AND_SPLIT_CMPLX 0   0.6250 1.0000 0.7692
LDC-MAX-ALL-Micro       SCORER_TS_MERGE_AND_SPLIT_CMPLX 1   1.0000 1.0000 1.0000
LDC-MAX-ALL-Micro       SCORER_TS_MERGE_AND_SPLIT_CMPLX ALL 0.7857 1.0000 0.8800
LDC-MAX-ALL-Macro       SCORER_TS_MERGE_AND_SPLIT_CMPLX 0   0.7083 1.0000 0.7917
LDC-MAX-ALL-Macro       SCORER_TS_MERGE_AND_SPLIT_CMPLX 1   1.0000 1.0000 1.0000
LDC-MAX-ALL-Macro       SCORER_TS_MERGE_AND_SPLIT_CMPLX ALL 0.8333 1.0000 0.8810
LDC-MEAN-ALL-Macro      SCORER_TS_MERGE_AND_SPLIT_CMPLX 0   0.7083 1.0000 0.7917
LDC-MEAN-ALL-Macro      SCORER_TS_MERGE_AND_SPLIT_CMPLX 1   1.0000 1.0000 1.0000
LDC-MEAN-ALL-Macro      SCORER_TS_MERGE_AND_SPLIT_CMPLX ALL 0.8333 1.0000 0.8810

*ALL-Macro Prec, Recall and F1 refer to mean-precision, mean-recall and mean-F1.
