QID/EC                  RunID                                    Hop Prec   Recall F1    
SF-ALL-Micro            SCORER_TS_PARENT_INCORRECT_CHILD_CORRECT 0   0.5000 1.0000 0.6667
SF-ALL-Micro            SCORER_TS_PARENT_INCORRECT_CHILD_CORRECT 1   0.0000 0.0000 0.0000
SF-ALL-Micro            SCORER_TS_PARENT_INCORRECT_CHILD_CORRECT ALL 0.1250 0.5000 0.2000
SF-ALL-Macro            SCORER_TS_PARENT_INCORRECT_CHILD_CORRECT 0   0.5000 1.0000 0.6667
SF-ALL-Macro            SCORER_TS_PARENT_INCORRECT_CHILD_CORRECT 1   0.0000 0.0000 0.0000
SF-ALL-Macro            SCORER_TS_PARENT_INCORRECT_CHILD_CORRECT ALL 0.2500 0.5000 0.3333
LDC-MAX-ALL-Micro       SCORER_TS_PARENT_INCORRECT_CHILD_CORRECT 0   0.5000 1.0000 0.6667
LDC-MAX-ALL-Micro       SCORER_TS_PARENT_INCORRECT_CHILD_CORRECT 1   0.0000 0.0000 0.0000
LDC-MAX-ALL-Micro       SCORER_TS_PARENT_INCORRECT_CHILD_CORRECT ALL 0.1250 0.5000 0.2000
LDC-MAX-ALL-Macro       SCORER_TS_PARENT_INCORRECT_CHILD_CORRECT 0   0.5000 1.0000 0.6667
LDC-MAX-ALL-Macro       SCORER_TS_PARENT_INCORRECT_CHILD_CORRECT 1   0.0000 0.0000 0.0000
LDC-MAX-ALL-Macro       SCORER_TS_PARENT_INCORRECT_CHILD_CORRECT ALL 0.2500 0.5000 0.3333
LDC-MEAN-ALL-Macro      SCORER_TS_PARENT_INCORRECT_CHILD_CORRECT 0   0.5000 1.0000 0.6667
LDC-MEAN-ALL-Macro      SCORER_TS_PARENT_INCORRECT_CHILD_CORRECT 1   0.0000 0.0000 0.0000
LDC-MEAN-ALL-Macro      SCORER_TS_PARENT_INCORRECT_CHILD_CORRECT ALL 0.2500 0.5000 0.3333

*ALL-Macro Prec, Recall and F1 refer to mean-precision, mean-recall and mean-F1.
