QID/EC                  RunID                 Hop Prec   Recall F1    
SF-ALL-Micro            SCORER_TS_NOMINALS_01 0   1.0000 0.5000 0.6667
SF-ALL-Micro            SCORER_TS_NOMINALS_01 1   1.0000 1.0000 1.0000
SF-ALL-Micro            SCORER_TS_NOMINALS_01 ALL 1.0000 0.8333 0.9091
SF-ALL-Macro            SCORER_TS_NOMINALS_01 0   1.0000 0.5000 0.6667
SF-ALL-Macro            SCORER_TS_NOMINALS_01 1   1.0000 1.0000 1.0000
SF-ALL-Macro            SCORER_TS_NOMINALS_01 ALL 1.0000 0.8333 0.8889
LDC-MAX-ALL-Micro       SCORER_TS_NOMINALS_01 0   1.0000 0.5000 0.6667
LDC-MAX-ALL-Micro       SCORER_TS_NOMINALS_01 1   1.0000 1.0000 1.0000
LDC-MAX-ALL-Micro       SCORER_TS_NOMINALS_01 ALL 1.0000 0.8333 0.9091
LDC-MAX-ALL-Macro       SCORER_TS_NOMINALS_01 0   1.0000 0.5000 0.6667
LDC-MAX-ALL-Macro       SCORER_TS_NOMINALS_01 1   1.0000 1.0000 1.0000
LDC-MAX-ALL-Macro       SCORER_TS_NOMINALS_01 ALL 1.0000 0.8333 0.8889
LDC-MEAN-ALL-Macro      SCORER_TS_NOMINALS_01 0   1.0000 0.5000 0.6667
LDC-MEAN-ALL-Macro      SCORER_TS_NOMINALS_01 1   1.0000 1.0000 1.0000
LDC-MEAN-ALL-Macro      SCORER_TS_NOMINALS_01 ALL 1.0000 0.8333 0.8889

*ALL-Macro Prec, Recall and F1 refer to mean-precision, mean-recall and mean-F1.
