QID/EC                  RunID                            Hop Prec   Recall F1    
SF-ALL-Micro            SCORER_TS_MISSING_QUERY_RESPONSE 0   0.8000 0.8000 0.8000
SF-ALL-Micro            SCORER_TS_MISSING_QUERY_RESPONSE 1   1.0000 1.0000 1.0000
SF-ALL-Micro            SCORER_TS_MISSING_QUERY_RESPONSE ALL 0.9091 0.9091 0.9091
SF-ALL-Macro            SCORER_TS_MISSING_QUERY_RESPONSE 0   0.6250 0.7500 0.6667
SF-ALL-Macro            SCORER_TS_MISSING_QUERY_RESPONSE 1   1.0000 1.0000 1.0000
SF-ALL-Macro            SCORER_TS_MISSING_QUERY_RESPONSE ALL 0.7857 0.8571 0.8095
LDC-MAX-ALL-Micro       SCORER_TS_MISSING_QUERY_RESPONSE 0   0.8000 0.8000 0.8000
LDC-MAX-ALL-Micro       SCORER_TS_MISSING_QUERY_RESPONSE 1   1.0000 1.0000 1.0000
LDC-MAX-ALL-Micro       SCORER_TS_MISSING_QUERY_RESPONSE ALL 0.9091 0.9091 0.9091
LDC-MAX-ALL-Macro       SCORER_TS_MISSING_QUERY_RESPONSE 0   0.6250 0.7500 0.6667
LDC-MAX-ALL-Macro       SCORER_TS_MISSING_QUERY_RESPONSE 1   1.0000 1.0000 1.0000
LDC-MAX-ALL-Macro       SCORER_TS_MISSING_QUERY_RESPONSE ALL 0.7857 0.8571 0.8095
LDC-MEAN-ALL-Macro      SCORER_TS_MISSING_QUERY_RESPONSE 0   0.6250 0.7500 0.6667
LDC-MEAN-ALL-Macro      SCORER_TS_MISSING_QUERY_RESPONSE 1   1.0000 1.0000 1.0000
LDC-MEAN-ALL-Macro      SCORER_TS_MISSING_QUERY_RESPONSE ALL 0.7857 0.8571 0.8095

*ALL-Macro Prec, Recall and F1 refer to mean-precision, mean-recall and mean-F1.
