QID/EC                  RunID                     Hop Prec   Recall F1    
SF-ALL-Micro            SCORER_TS_MERGE_AND_SPLIT 0   1.0000 1.0000 1.0000
SF-ALL-Micro            SCORER_TS_MERGE_AND_SPLIT 1   1.0000 0.5000 0.6667
SF-ALL-Micro            SCORER_TS_MERGE_AND_SPLIT ALL 1.0000 0.6667 0.8000
SF-ALL-Macro            SCORER_TS_MERGE_AND_SPLIT 0   1.0000 1.0000 1.0000
SF-ALL-Macro            SCORER_TS_MERGE_AND_SPLIT 1   0.5000 0.5000 0.5000
SF-ALL-Macro            SCORER_TS_MERGE_AND_SPLIT ALL 0.6667 0.6667 0.6667
LDC-MAX-ALL-Micro       SCORER_TS_MERGE_AND_SPLIT 0   1.0000 1.0000 1.0000
LDC-MAX-ALL-Micro       SCORER_TS_MERGE_AND_SPLIT 1   1.0000 0.5000 0.6667
LDC-MAX-ALL-Micro       SCORER_TS_MERGE_AND_SPLIT ALL 1.0000 0.6667 0.8000
LDC-MAX-ALL-Macro       SCORER_TS_MERGE_AND_SPLIT 0   1.0000 1.0000 1.0000
LDC-MAX-ALL-Macro       SCORER_TS_MERGE_AND_SPLIT 1   0.5000 0.5000 0.5000
LDC-MAX-ALL-Macro       SCORER_TS_MERGE_AND_SPLIT ALL 0.6667 0.6667 0.6667
LDC-MEAN-ALL-Macro      SCORER_TS_MERGE_AND_SPLIT 0   1.0000 1.0000 1.0000
LDC-MEAN-ALL-Macro      SCORER_TS_MERGE_AND_SPLIT 1   0.5000 0.5000 0.5000
LDC-MEAN-ALL-Macro      SCORER_TS_MERGE_AND_SPLIT ALL 0.6667 0.6667 0.6667

*ALL-Macro Prec, Recall and F1 refer to mean-precision, mean-recall and mean-F1.
